
kkajrolk@LIN24005215 MINGW64 ~/OneDrive - Capgemini/desktop/object-detection
$ ls
prediction.py  train.py

kkajrolk@LIN24005215 MINGW64 ~/OneDrive - Capgemini/desktop/object-detection
$ git init
Initialized empty Git repository in C:/Users/KKAJROLK/OneDrive - Capgemini/Desktop/object-detection/.git/

kkajrolk@LIN24005215 MINGW64 ~/OneDrive - Capgemini/desktop/object-detection (master)
$ git status
On branch master

No commits yet

Untracked files:
  (use "git add <file>..." to include in what will be committed)
        prediction.py
        train.py

nothing added to commit but untracked files present (use "git add" to track)

kkajrolk@LIN24005215 MINGW64 ~/OneDrive - Capgemini/desktop/object-detection (master)
$ git add prediction.py train.py

kkajrolk@LIN24005215 MINGW64 ~/OneDrive - Capgemini/desktop/object-detection (master)
$ git status
On branch master

No commits yet

Changes to be committed:
  (use "git rm --cached <file>..." to unstage)
        new file:   prediction.py
        new file:   train.py


kkajrolk@LIN24005215 MINGW64 ~/OneDrive - Capgemini/desktop/object-detection (master)
$ git commit -m "Added train and predict file"
[master (root-commit) 8f6b815] Added train and predict file
 Committer: KAJROLKAR <karan-sanjay.kajrolkar@capgemini.com>
Your name and email address were configured automatically based
on your username and hostname. Please check that they are accurate.
You can suppress this message by setting them explicitly. Run the
following command and follow the instructions in your editor to edit
your configuration file:

    git config --global --edit

After doing this, you may fix the identity used for this commit with:

    git commit --amend --reset-author

 2 files changed, 0 insertions(+), 0 deletions(-)
 create mode 100644 prediction.py
 create mode 100644 train.py

kkajrolk@LIN24005215 MINGW64 ~/OneDrive - Capgemini/desktop/object-detection (master)
$ git status
On branch master
nothing to commit, working tree clean

kkajrolk@LIN24005215 MINGW64 ~/OneDrive - Capgemini/desktop/object-detection (master)
$ git checkout -b newBranch
Switched to a new branch 'newBranch'

kkajrolk@LIN24005215 MINGW64 ~/OneDrive - Capgemini/desktop/object-detection (newBranch)
$ git status
On branch newBranch
nothing to commit, working tree clean

kkajrolk@LIN24005215 MINGW64 ~/OneDrive - Capgemini/desktop/object-detection (newBranch)
$ git branch
  master
* newBranch

kkajrolk@LIN24005215 MINGW64 ~/OneDrive - Capgemini/desktop/object-detection (newBranch)
$ ls
prediction.py  train.py

kkajrolk@LIN24005215 MINGW64 ~/OneDrive - Capgemini/desktop/object-detection (newBranch)
$ git checkout -b master
fatal: A branch named 'master' already exists.

kkajrolk@LIN24005215 MINGW64 ~/OneDrive - Capgemini/desktop/object-detection (newBranch)
$ git checkout  master
Switched to branch 'master'

kkajrolk@LIN24005215 MINGW64 ~/OneDrive - Capgemini/desktop/object-detection (master)
$ git branch
* master
  newBranch

kkajrolk@LIN24005215 MINGW64 ~/OneDrive - Capgemini/desktop/object-detection (master)
$ ls
prediction.py  train.py

kkajrolk@LIN24005215 MINGW64 ~/OneDrive - Capgemini/desktop/object-detection (master)
$ git remote add origin https://github.com/kajrolkar/object-detection.git

kkajrolk@LIN24005215 MINGW64 ~/OneDrive - Capgemini/desktop/object-detection (master)
$ git push -u origin master
Enumerating objects: 3, done.
Counting objects: 100% (3/3), done.
Delta compression using up to 8 threads
Compressing objects: 100% (2/2), done.
Writing objects: 100% (3/3), 253 bytes | 253.00 KiB/s, done.
Total 3 (delta 0), reused 0 (delta 0), pack-reused 0
To https://github.com/kajrolkar/object-detection.git
 * [new branch]      master -> master
Branch 'master' set up to track remote branch 'master' from 'origin'.

kkajrolk@LIN24005215 MINGW64 ~/OneDrive - Capgemini/desktop/object-detection (master)
$ git push -u origin newBranch
Total 0 (delta 0), reused 0 (delta 0), pack-reused 0
remote:
remote: Create a pull request for 'newBranch' on GitHub by visiting:
remote:      https://github.com/kajrolkar/object-detection/pull/new/newBranch
remote:
To https://github.com/kajrolkar/object-detection.git
 * [new branch]      newBranch -> newBranch
Branch 'newBranch' set up to track remote branch 'newBranch' from 'origin'.

kkajrolk@LIN24005215 MINGW64 ~/OneDrive - Capgemini/desktop/object-detection (master)
$ git push origin newBranch
Everything up-to-date

kkajrolk@LIN24005215 MINGW64 ~/OneDrive - Capgemini/desktop/object-detection (master)
$ git branch
* master
  newBranch

kkajrolk@LIN24005215 MINGW64 ~/OneDrive - Capgemini/desktop/object-detection (master)
$ touch steps.txt

kkajrolk@LIN24005215 MINGW64 ~/OneDrive - Capgemini/desktop/object-detection (master)
$ git add steps.txt

kkajrolk@LIN24005215 MINGW64 ~/OneDrive - Capgemini/desktop/object-detection (master)
$ git status
On branch master
Your branch is up to date with 'origin/master'.

Changes to be committed:
  (use "git restore --staged <file>..." to unstage)
        new file:   steps.txt



kkajrolk@LIN24005215 MINGW64 ~/OneDrive - Capgemini/desktop/object-detection (master)
$  git remote add origin https://github.com/kajrolkar/object-detection.git
error: remote origin already exists.


kkajrolk@LIN24005215 MINGW64 ~/OneDrive - Capgemini/desktop/object-detection (master)
$ git status
On branch master
Your branch is up to date with 'origin/master'.

Changes to be committed:
  (use "git restore --staged <file>..." to unstage)
        new file:   steps.txt


kkajrolk@LIN24005215 MINGW64 ~/OneDrive - Capgemini/desktop/object-detection (master)
$ git commit -m "steps"
[master a432e41] steps
 Committer: KAJROLKAR <karan-sanjay.kajrolkar@capgemini.com>
Your name and email address were configured automatically based
on your username and hostname. Please check that they are accurate.
You can suppress this message by setting them explicitly. Run the
following command and follow the instructions in your editor to edit
your configuration file:

    git config --global --edit

After doing this, you may fix the identity used for this commit with:

    git commit --amend --reset-author

 1 file changed, 137 insertions(+)
 create mode 100644 steps.txt

kkajrolk@LIN24005215 MINGW64 ~/OneDrive - Capgemini/desktop/object-detection (master)
$ git status
On branch master
Your branch is ahead of 'origin/master' by 1 commit.
  (use "git push" to publish your local commits)

nothing to commit, working tree clean

kkajrolk@LIN24005215 MINGW64 ~/OneDrive - Capgemini/desktop/object-detection (master)
$ git push origin master
Enumerating objects: 4, done.
Counting objects: 100% (4/4), done.
Delta compression using up to 8 threads
Compressing objects: 100% (3/3), done.
Writing objects: 100% (3/3), 1.46 KiB | 1.46 MiB/s, done.
Total 3 (delta 0), reused 0 (delta 0), pack-reused 0
To https://github.com/kajrolkar/object-detection.git
   8f6b815..a432e41  master -> master

kkajrolk@LIN24005215 MINGW64 ~/OneDrive - Capgemini/desktop/object-detection (master)
$

